#
# A fatal error has been detected by the Java Runtime Environment:
#
#  EXCEPTION_ACCESS_VIOLATION (0xc0000005) at pc=0x00007ffaaacf4cf0, pid=9708, tid=412
#
# JRE version:  (26.0.1+8) (build )
# Java VM: OpenJDK 64-Bit Server VM (26.0.1+8-34, mixed mode, emulated-client, sharing, tiered, compressed oops, compressed class ptrs, g1 gc, windows-amd64)
# Problematic frame:
# V  [jvm.dll+0x3c4cf0]
#
# No core dump will be written. Minidumps are not enabled by default on client versions of Windows
#
#

---------------  S U M M A R Y ------------

Command Line: -XX:TieredStopAtLevel=1 -Dspring.output.ansi.enabled=always -javaagent:C:\Program Files\JetBrains\IntelliJ IDEA 2026.1.4\lib\idea_rt.jar=50557 -Dfile.encoding=UTF-8 -Dsun.stdout.encoding=UTF-8 -Dsun.stderr.encoding=UTF-8 com.banking.api.BankingApiApplication

Host: AMD Ryzen 7 5700X 8-Core Processor             , 16 cores, 15G,  Windows 11 , 64 bit Build 26100 (10.0.26100.9168)
Time: Tue Sep  8 09:40:06 2026 Hora Padrão Brasil Central elapsed time: 0.021926 seconds (0d 0h 0m 0s)

---------------  T H R E A D  ---------------

Current thread (0x000001e4c444c6b0):  JavaThread "Unknown thread" [_thread_in_vm, id=412, stack(0x0000004ef2c00000,0x0000004ef2d00000) (1024K)]

Stack: [0x0000004ef2c00000,0x0000004ef2d00000],  sp=0x0000004ef2cff018,  free space=1020k
Native frames: (J=compiled Java code, j=interpreted, Vv=VM code, C=native code)
V  [jvm.dll+0x3c4cf0]  (no source info available)


siginfo: EXCEPTION_ACCESS_VIOLATION (0xc0000005), reading address 0x0000000186222432


Registers:
RAX=0x00000007fff27e90, RBX=0x00000007ffe11ff8, RCX=0x00000007ffe11ff8, RDX=0x000000018622242a
RSP=0x0000004ef2cff018, RBP=0x0000000000000000, RSI=0x00000007ffe11ff8, RDI=0x000001e4d8a9ae40
R8 =0x000000008718a218, R9 =0x0000000000000003, R10=0x000001e4c1edb7e0, R11=0x4040404040404040
R12=0x000001e4c444ce60, R13=0x0000000000000000, R14=0x000001e4d8a9ae40, R15=0x000001e4c445c730
RIP=0x00007ffaaacf4cf0, EFLAGS=0x0000000000010202

XMM[0]=0x0000000000000000 0x4040404040404040
XMM[1]=0x0000000000000000 0x0000000000000000
XMM[2]=0x0000000000000000 0x0000000000000000
XMM[3]=0x0000000000000000 0x0000000000000000
XMM[4]=0x0000000000000000 0x0000000000000000
XMM[5]=0x0000000000000000 0x0000000000000000
XMM[6]=0x0000000000000000 0x0000000000000000
XMM[7]=0x0000000000000000 0x0000000000000000
XMM[8]=0x0000000000000000 0x0000000000000000
XMM[9]=0x0000000000000000 0x0000000000000000
XMM[10]=0x0000000000000000 0x0000000000000000
XMM[11]=0x0000000000000000 0x0000000000000000
XMM[12]=0x0000000000000000 0x0000000000000000
XMM[13]=0x0000000000000000 0x0000000000000000
XMM[14]=0x0000000000000000 0x0000000000000000
XMM[15]=0x0000000000000000 0x0000000000000000
  MXCSR=0x00001fa0


Top of Stack: (sp=0x0000004ef2cff018)
0x0000004ef2cff018:   00007ffaaad05a2c 00000007ffe0bf78   ,Z......x.......
0x0000004ef2cff028:   00000007ffe0bbe0 000001e4d8a9ae40   ........@.......
0x0000004ef2cff038:   0000000000000000 0000004ef2cffce0   ............N...
0x0000004ef2cff048:   000001e4c1f15b00 000001e4d8bd2960   .[......`)......
0x0000004ef2cff058:   00007ffaaaa3273a 000001e4c444c6b0   :'........D.....
0x0000004ef2cff068:   0000000000000000 000001e4c444c6b0   ..........D.....
0x0000004ef2cff078:   0000000000000000 00000007ffe00000   ................
0x0000004ef2cff088:   0000000000024fd2 000001e4c444ce60   .O......`.D.....
0x0000004ef2cff098:   00007ffaab2de879 000001e4c444c6b0   y.-.......D.....
0x0000004ef2cff0a8:   0000000000000000 000001e4c444c6b0   ..........D.....
0x0000004ef2cff0b8:   000001e4d8bd2960 000001e4c444c6b0   `)........D.....
0x0000004ef2cff0c8:   00007ffaab24c945 000001e400000001   E.$.............
0x0000004ef2cff0d8:   000001e4d8aa4330 0000000000000000   0C..............
0x0000004ef2cff0e8:   000001e4c444ce60 000001e4c444c6b8   `.D.......D.....
0x0000004ef2cff0f8:   00007ffaab2a40c4 000001e4c444c6b0   .@*.......D.....
0x0000004ef2cff108:   000001e4c444c6b0 0000000000000038   ..D.....8.......
0x0000004ef2cff118:   0000000000000100 000001e4d8aad580   ................
0x0000004ef2cff128:   00007ffaab0fe069 000001e4c444c6b0   i.........D.....
0x0000004ef2cff138:   000001e4c1f156c0 000001e4c1f7a640   .V......@.......
0x0000004ef2cff148:   000001e4c1f7a658 000001e4c1f7a730   X.......0.......
0x0000004ef2cff158:   00000000000000d8 000001e4c1f15580   .........U......
0x0000004ef2cff168:   0000000000000000 00007ffaab0b9ff0   ................
0x0000004ef2cff178:   0000004ef2cffce0 0000004ef2cffbf8   ....N.......N...
0x0000004ef2cff188:   0000000000000001 00007ffaab0b9ff0   ................
0x0000004ef2cff198:   000001e4c1eca3c0 000001e4c444c6b0   ..........D.....
0x0000004ef2cff1a8:   0000004ef2cff320 000001e4c444c6b0    ...N.....D.....
0x0000004ef2cff1b8:   00007ffaab2a5c7d 0000000000000000   }\*.............
0x0000004ef2cff1c8:   00000000000003d8 000001e4c444ce78   ........x.D.....
0x0000004ef2cff1d8:   000001e4c444d250 0000000000000000   P.D.............
0x0000004ef2cff1e8:   00007ffaaad9dc19 000001e4c444c6b0   ..........D.....
0x0000004ef2cff1f8:   000001e400000001 000001e4c444c6b0   ..........D.....
0x0000004ef2cff208:   000001e4d8aad300 000001e4c1eca3c0   ................

Instructions: (pc=0x00007ffaaacf4cf0)
  0x00007ffaaacf4bf0:   1d 41 b1 01 4c 8b c7 48 8b d6 48 8b cb e8 1e 5b
  0x00007ffaaacf4c00:   03 00 4c 8d 0c fd 00 00 00 00 48 89 73 20 48 8b
  0x00007ffaaacf4c10:   74 24 38 48 8b 7b 08 48 8b 4b 10 48 2b f9 49 03
  0x00007ffaaacf4c20:   f9 49 8b 0e 48 8b d3 4c 8b 41 10 49 8b ce 41 ff
  0x00007ffaaacf4c30:   d0 48 8b 5c 24 40 48 8b c7 48 8b 7c 24 48 48 83
  0x00007ffaaacf4c40:   c4 20 41 5e c3 cc cc cc cc cc cc cc cc cc cc cc
  0x00007ffaaacf4c50:   40 53 48 83 ec 20 4c 8b 42 10 4c 8d 4c 24 30 4c
  0x00007ffaaacf4c60:   2b 41 28 48 8b d9 0f b6 41 38 4c 2b 02 48 8b 0d
  0x00007ffaaacf4c70:   5c 6a 9e 00 c6 44 24 30 00 88 44 24 31 c6 44 24
  0x00007ffaaacf4c80:   32 00 e8 b9 22 01 00 48 c7 43 28 00 00 00 00 48
  0x00007ffaaacf4c90:   83 c4 20 5b c3 cc cc cc cc cc cc cc cc cc cc cc
  0x00007ffaaacf4ca0:   4c 8b 42 10 4c 2b 02 48 8b 0d 22 6a 9e 00 e9 1d
  0x00007ffaaacf4cb0:   23 01 00 cc cc cc cc cc cc cc cc cc cc cc cc cc
  0x00007ffaaacf4cc0:   48 8b 42 10 48 2b 02 ff 41 10 48 89 41 28 48 89
  0x00007ffaaacf4cd0:   51 08 c3 cc cc cc cc cc cc cc cc cc cc cc cc cc
  0x00007ffaaacf4ce0:   48 89 0d e9 69 9e 00 48 89 15 ea 69 9e 00 c3 cc
=>0x00007ffaaacf4cf0:   44 8b 4a 08 4c 8b c2 45 85 c9 7e 0e 41 f6 c1 01
  0x00007ffaaacf4d00:   75 46 41 c1 f9 03 49 63 c1 c3 79 3c 8b 05 a6 21
  0x00007ffaaacf4d10:   98 00 ff c8 4c 63 c0 48 63 05 5a ab a1 00 48 63
  0x00007ffaaacf4d20:   14 08 41 8b c9 48 d3 e2 41 8b c1 48 c1 f8 10 0f
  0x00007ffaaacf4d30:   b6 c0 49 8d 0c 10 49 f7 d0 48 03 c1 49 c1 e8 03
  0x00007ffaaacf4d40:   48 c1 e8 03 49 23 c0 c3 48 8b 02 48 8b d1 49 8b
  0x00007ffaaacf4d50:   c8 48 ff a0 08 01 00 00 cc cc cc cc cc cc cc cc
  0x00007ffaaacf4d60:   4c 8b 41 08 33 d2 48 8b 05 6b 69 9e 00 4c 3b c0
  0x00007ffaaacf4d70:   4c 0f 44 c2 4d 85 c0 74 07 49 8b 50 10 49 2b 10
  0x00007ffaaacf4d80:   48 8b 41 30 48 85 c0 74 0c 48 8b 48 10 48 2b 08
  0x00007ffaaacf4d90:   48 8d 04 11 c3 48 8b c2 c3 cc cc cc cc cc cc cc
  0x00007ffaaacf4da0:   48 89 4c 24 08 48 89 54 24 10 4c 89 44 24 18 4c
  0x00007ffaaacf4db0:   89 4c 24 20 48 83 ec 28 4c 8b c1 4c 8d 4c 24 38
  0x00007ffaaacf4dc0:   48 8d 0d 89 69 9e 00 ba 01 00 00 00 e8 bf 55 31
  0x00007ffaaacf4dd0:   00 48 83 c4 28 c3 cc cc cc cc cc cc cc cc cc cc
  0x00007ffaaacf4de0:   48 89 4c 24 08 48 89 54 24 10 4c 89 44 24 18 4c


Lock stack of current Java thread (top to bottom):


---------------  P R O C E S S  ---------------

Threads class SMR info:
_java_thread_list=0x000001e4d8aaec50, length=1, elements={
0x000001e4c444c6b0
}

Java Threads: ( => current thread )
=>0x000001e4c444c6b0 JavaThread "Unknown thread"             [_thread_in_vm, id=412, stack(0x0000004ef2c00000,0x0000004ef2d00000) (1024K)]
Total: 1

Other Threads:
  0x000001e4d8aad300 WatcherThread "VM Periodic Task Thread"        [id=13644, stack(0x0000004ef3300000,0x0000004ef3400000) (1024K)]
  0x000001e4c449a1e0 WorkerThread "GC Thread#0"                     [id=4324, stack(0x0000004ef2d00000,0x0000004ef2e00000) (1024K)]
  0x000001e4c44b3380 ConcurrentGCThread "G1 Main Marker"            [id=11656, stack(0x0000004ef2e00000,0x0000004ef2f00000) (1024K)]
  0x000001e4c44b7d90 WorkerThread "G1 Conc#0"                       [id=18816, stack(0x0000004ef2f00000,0x0000004ef3000000) (1024K)]
  0x000001e4d8a9e280 WorkerThread "G1 Refinement Workers#0"         [id=14872, stack(0x0000004ef3100000,0x0000004ef3200000) (1024K)]
  0x000001e4d8a9d8c0 ConcurrentGCThread "G1 Refine Control"         [id=18580, stack(0x0000004ef3000000,0x0000004ef3100000) (1024K)]
  0x000001e4d8a9ed50 ConcurrentGCThread "G1 Service"                [id=12888, stack(0x0000004ef3200000,0x0000004ef3300000) (1024K)]
Total: 7

Threads with active compile tasks:
Total: 0

VM state: not at safepoint (not fully initialized)

VM Mutex/Monitor currently owned by a thread: None

Heap address: 0x0000000701c00000, size: 4068 MB, Compressed Oops mode: Zero based, Oop shift amount: 3

CDS archive(s) mapped at: [0x0000000087000000-0x0000000087de0000-0x0000000087de0000), size 14548992, SharedBaseAddress: 0x0000000087000000, ArchiveRelocationMode: 1.
Compressed class space mapped at: 0x0000000088000000-0x00000000c8000000, reserved size: 1073741824
UseCompressedClassPointers 1, UseCompactObjectHeaders 0
Narrow klass pointer bits 32, Max shift 3
Narrow klass base: 0x0000000087000000, Narrow klass shift: 0
Encoding Range: [0x0000000087000000 - 0x0000000187000000), (4294967296 bytes)
Klass Range:    [0x0000000087000000 - 0x00000000c8000000), (1090519040 bytes)
Klass ID Range:  [8 - 1090519033) (1090519025)
Protection zone: [0x0000000087000000 - 0x0000000087010000), (65536 bytes)

GC Precious Log:
 CardTable entry size: 512
 Card Set container configuration: InlinePtr #cards 4 size 8 Array Of Cards #cards 16 size 48 Howl #buckets 8 coarsen threshold 3686 Howl Bitmap #cards 512 size 80 coarsen threshold 460 Card regions per heap region 1 cards per card region 4096
 CPUs: 16 total, 16 available
 Memory: 16270M
 Large Page Support: Disabled
 NUMA Support: Disabled
 Compressed Oops: Enabled (Zero based)
 Heap Region Size: 2M
 Heap Min Capacity: 8M
 Heap Initial Capacity: 8M
 Heap Max Capacity: 4068M
 Pre-touch: Disabled
 Parallel Workers: 13
 Concurrent Workers: 3
 Concurrent Refinement Workers: 13
 Periodic GC: Disabled

Heap:
 garbage-first heap   total reserved 4165632K, committed 10240K, used 1183K [0x0000000701c00000, 0x0000000800000000)
  region size 2M, 0 eden (0M), 0 survivor (0M), 1 old (2M), 0 humongous (0M), 4 free (8M)

Heap Regions: E=young(eden), S=young(survivor), O=old, HS=humongous(starts), HC=humongous(continues), CS=collection set, F=free, TAMS=top-at-mark-start, PB=parsable bottom
|    0|0x0000000701c00000, 0x0000000701c00000, 0x0000000701e00000|  0%| F|  |TAMS 0x0000000701c00000| PB 0x0000000701c00000| Untracked |  0
|    1|0x0000000701e00000, 0x0000000701e00000, 0x0000000702000000|  0%| F|  |TAMS 0x0000000701e00000| PB 0x0000000701e00000| Untracked |  0
|    2|0x0000000702000000, 0x0000000702000000, 0x0000000702200000|  0%| F|  |TAMS 0x0000000702000000| PB 0x0000000702000000| Untracked |  0
|    3|0x0000000702200000, 0x0000000702200000, 0x0000000702400000|  0%| F|  |TAMS 0x0000000702200000| PB 0x0000000702200000| Untracked |  0
| 2033|0x00000007ffe00000, 0x00000007fff27e90, 0x0000000800000000| 57%| O|  |TAMS 0x00000007ffe00000| PB 0x00000007ffe00000| Untracked |  0

Card table byte_map: [0x000001e4d1050000,0x000001e4d1850000] _byte_map_base: 0x000001e4cd842000
Refinement table byte_map: [0x000001e4d1850000,0x000001e4d2050000] _byte_map_base: 0x000001e4ce042000

Marking Bits: (CMBitMap*) 0x000001e4c449a960
 Bits: [0x000001e4d2050000, 0x000001e4d5fe0000)

GC Heap Usage History (0 events):
No events

Metaspace Usage History (0 events):
No events

Dll operation events (2 events):
Event: 0.007 Attempting to load shared library C:\Users\Arism\.jdks\openjdk-26.0.1\bin\java.dll
Event: 0.007 Loaded shared library C:\Users\Arism\.jdks\openjdk-26.0.1\bin\java.dll

Deoptimization events (0 events):
No events

Classes loaded (0 events):
No events

Classes unloaded (0 events):
No events

Classes redefined (0 events):
No events

Internal exceptions (0 events):
No events

VM Operations (0 events):
No events

Memory protections (0 events):
No events

Nmethod flushes (0 events):
No events

Events (1 events):
Event: 0.016 Thread 0x000001e4c444c6b0 Thread added: 0x000001e4c444c6b0


Dynamic libraries:
0x00007ff70bf30000 - 0x00007ff70bf3e000 	C:\Users\Arism\.jdks\openjdk-26.0.1\bin\java.exe
0x00007ffb27f20000 - 0x00007ffb28186000 	C:\Windows\SYSTEM32\ntdll.dll
0x00007ffb27470000 - 0x00007ffb27539000 	C:\Windows\System32\KERNEL32.DLL
0x00007ffb25330000 - 0x00007ffb2572f000 	C:\Windows\System32\KERNELBASE.dll
0x00007ffb25740000 - 0x00007ffb2588c000 	C:\Windows\System32\ucrtbase.dll
0x00007ffb1ff70000 - 0x00007ffb1ff8e000 	C:\Users\Arism\.jdks\openjdk-26.0.1\bin\VCRUNTIME140.dll
0x00007ffb1ff90000 - 0x00007ffb1ffa7000 	C:\Users\Arism\.jdks\openjdk-26.0.1\bin\jli.dll
0x00007ffb26e80000 - 0x00007ffb27046000 	C:\Windows\System32\USER32.dll
0x00007ffb14ac0000 - 0x00007ffb14d51000 	C:\Windows\WinSxS\amd64_microsoft.windows.common-controls_6595b64144ccf1df_6.0.26100.8972_none_3e0da176e32f9d4b\COMCTL32.dll
0x00007ffb258a0000 - 0x00007ffb258c7000 	C:\Windows\System32\win32u.dll
0x00007ffb27a20000 - 0x00007ffb27a4b000 	C:\Windows\System32\GDI32.dll
0x00007ffb25d50000 - 0x00007ffb25df9000 	C:\Windows\System32\msvcrt.dll
0x00007ffb25b20000 - 0x00007ffb25c49000 	C:\Windows\System32\gdi32full.dll
0x00007ffb25280000 - 0x00007ffb25323000 	C:\Windows\System32\msvcp_win.dll
0x00007ffb26650000 - 0x00007ffb26682000 	C:\Windows\System32\IMM32.DLL
0x00007ffb1ff60000 - 0x00007ffb1ff6c000 	C:\Users\Arism\.jdks\openjdk-26.0.1\bin\vcruntime140_1.dll
0x00007ffb17a10000 - 0x00007ffb17a9d000 	C:\Users\Arism\.jdks\openjdk-26.0.1\bin\msvcp140.dll
0x00007ffaaa930000 - 0x00007ffaab7fe000 	C:\Users\Arism\.jdks\openjdk-26.0.1\bin\server\jvm.dll
0x00007ffb273a0000 - 0x00007ffb2745c000 	C:\Windows\System32\ADVAPI32.dll
0x00007ffb27060000 - 0x00007ffb2710a000 	C:\Windows\System32\sechost.dll
0x00007ffb275f0000 - 0x00007ffb27708000 	C:\Windows\System32\RPCRT4.dll
0x00007ffb26a10000 - 0x00007ffb26a92000 	C:\Windows\System32\WS2_32.dll
0x00007ffb24f90000 - 0x00007ffb24fee000 	C:\Windows\SYSTEM32\POWRPROF.dll
0x00007ffb1a2a0000 - 0x00007ffb1a2d6000 	C:\Windows\SYSTEM32\WINMM.dll
0x00007ffb1a400000 - 0x00007ffb1a40b000 	C:\Windows\SYSTEM32\VERSION.dll
0x00007ffb24f70000 - 0x00007ffb24f85000 	C:\Windows\SYSTEM32\UMPDC.dll
0x00007ffb23e20000 - 0x00007ffb23e3b000 	C:\Windows\SYSTEM32\kernel.appcore.dll
0x00007ffb1ff30000 - 0x00007ffb1ff3a000 	C:\Users\Arism\.jdks\openjdk-26.0.1\bin\jimage.dll
0x00007ffb1d760000 - 0x00007ffb1d9a2000 	C:\Windows\SYSTEM32\DBGHELP.DLL
0x00007ffb26ad0000 - 0x00007ffb26e55000 	C:\Windows\System32\combase.dll
0x00007ffb25c70000 - 0x00007ffb25d49000 	C:\Windows\System32\OLEAUT32.dll
0x00007ffb13800000 - 0x00007ffb1383b000 	C:\Windows\SYSTEM32\dbgcore.DLL
0x00007ffb258d0000 - 0x00007ffb2597c000 	C:\Windows\System32\bcryptPrimitives.dll
0x00007ffb1ff20000 - 0x00007ffb1ff30000 	C:\Users\Arism\.jdks\openjdk-26.0.1\bin\instrument.dll
0x00007ffb19b80000 - 0x00007ffb19b9f000 	C:\Users\Arism\.jdks\openjdk-26.0.1\bin\java.dll
0x00007ffb27200000 - 0x00007ffb27399000 	C:\Windows\System32\ole32.dll
0x00007ffb25e00000 - 0x00007ffb26588000 	C:\Windows\System32\SHELL32.dll

JVMTI agents:
C:\Program Files\JetBrains\IntelliJ IDEA 2026.1.4\lib\idea_rt.jar path:none, loaded, not initialized, instrumentlib options:50557

dbghelp: loaded successfully - version: 4.0.5 - missing functions: none
symbol engine: initialized successfully - sym options: 0x614 - pdb path: .;C:\Users\Arism\.jdks\openjdk-26.0.1\bin;C:\Windows\SYSTEM32;C:\Windows\WinSxS\amd64_microsoft.windows.common-controls_6595b64144ccf1df_6.0.26100.8972_none_3e0da176e32f9d4b;C:\Users\Arism\.jdks\openjdk-26.0.1\bin\server

VM Arguments:
jvm_args: -XX:TieredStopAtLevel=1 -Dspring.output.ansi.enabled=always -javaagent:C:\Program Files\JetBrains\IntelliJ IDEA 2026.1.4\lib\idea_rt.jar=50557 -Dfile.encoding=UTF-8 -Dsun.stdout.encoding=UTF-8 -Dsun.stderr.encoding=UTF-8 
java_command: com.banking.api.BankingApiApplication
java_class_path (initial): C:\Users\Arism\OneDrive\Desktop\banking-api\target\classes;C:\Users\Arism\.m2\repository\org\springframework\boot\spring-boot-starter-data-jpa\4.1.1\spring-boot-starter-data-jpa-4.1.1.jar;C:\Users\Arism\.m2\repository\org\springframework\boot\spring-boot-starter\4.1.1\spring-boot-starter-4.1.1.jar;C:\Users\Arism\.m2\repository\org\springframework\boot\spring-boot-starter-logging\4.1.1\spring-boot-starter-logging-4.1.1.jar;C:\Users\Arism\.m2\repository\ch\qos\logback\logback-classic\1.5.38\logback-classic-1.5.38.jar;C:\Users\Arism\.m2\repository\ch\qos\logback\logback-core\1.5.38\logback-core-1.5.38.jar;C:\Users\Arism\.m2\repository\org\apache\logging\log4j\log4j-to-slf4j\2.25.5\log4j-to-slf4j-2.25.5.jar;C:\Users\Arism\.m2\repository\org\apache\logging\log4j\log4j-api\2.25.5\log4j-api-2.25.5.jar;C:\Users\Arism\.m2\repository\org\slf4j\jul-to-slf4j\2.0.18\jul-to-slf4j-2.0.18.jar;C:\Users\Arism\.m2\repository\org\springframework\boot\spring-boot-autoconfigure\4.1.1\spring-boot-autoconfigure-4.1.1.jar;C:\Users\Arism\.m2\repository\jakarta\annotation\jakarta.annotation-api\3.0.0\jakarta.annotation-api-3.0.0.jar;C:\Users\Arism\.m2\repository\org\yaml\snakeyaml\2.6\snakeyaml-2.6.jar;C:\Users\Arism\.m2\repository\org\springframework\boot\spring-boot-starter-jdbc\4.1.1\spring-boot-starter-jdbc-4.1.1.jar;C:\Users\Arism\.m2\repository\com\zaxxer\HikariCP\7.0.2\HikariCP-7.0.2.jar;C:\Users\Arism\.m2\repository\org\slf4j\slf4j-api\2.0.18\slf4j-api-2.0.18.jar;C:\Users\Arism\.m2\repository\org\springframework\boot\spring-boot-data-jpa\4.1.1\spring-boot-data-jpa-4.1.1.jar;C:\Users\Arism\.m2\repository\org\springframework\boot\spring-boot-data-commons\4.1.1\spring-boot-data-commons-4.1.1.jar;C:\Users\Arism\.m2\repository\org\springframework\boot\spring-boot-persistence\4.1.1\spring-boot-persistence-4.1.1.jar;C:\Users\Arism\.m2\repository\org\springframework\data\spring-data-commons\4.1.1\spring-data-commons-4.1.1.jar;C:\Users\Arism\.m2\repository\org\springframework\boot\spring-boot-hibernate\4.1.1\spring-boot-hibernate-4.1.1.jar;C:\Users\Arism\.m2\repository\org\springframework\boot\spring-boot-jpa\4.1.1\spring-boot-jpa-4.1.1.jar;C:\Users\Arism\.m2\repository\jakarta\persistence\jakarta.persistence-api\3.2.0\jakarta.persistence-api-3.2.0.jar;C:\Users\Arism\.m2\repository\org\hibernate\orm\hibernate-core\7.4.5.Final\hibernate-core-7.4.5.Final.jar;C:\Users\Arism\.m2\repository\jakarta\transaction\jakarta.transaction-api\2.0.1\jakarta.transaction-api-2.0.1.jar;C:\Users\Arism\.m2\repository\org\hibernate\models\hibernate-models\1.1.1\hibernate-models-1.1.1.jar;C:\Users\Arism\.m2\repository\org\glassfish\jaxb\jaxb-runtime\4.0.9\jaxb-runtime-4.0.9.jar;C:\Users\Arism\.m2\repository\org\glassfish\jaxb\jaxb-core\4.0.9\jaxb-core-4.0.9.jar;C:\Users\Arism\.m2\repository\org\eclipse\angus\angus-activation\2.0.3\angus-activation-2.0.3.jar;C:\Users\Arism\.m2\repository\org\glassfish\jaxb\txw2\4.0.9\txw2-4.0.9.jar;C:\Users\Arism\.m2\repository\com\sun\istack\istack-commons-runtime\4.1.2\istack-commons-runtime-4.1.2.jar;C:\Users\Arism\.m2\repository\jakarta\inject\jakarta.inject-api\2.0.1\jakarta.inject-api-2.0.1.jar;C:\Users\Arism\.m2\repository\org\springframework\spring-orm\7.0.9\spring-orm-7.0.9.jar;C:\Users\Arism\.m2\repository\org\springframework\data\spring-data-jpa\4.1.1\spring-data-jpa-4.1.1.jar;C:\Users\Arism\.m2\repository\org\springframework\spring-context\7.0.9\spring-context-7.0.9.jar;C:\Users\Arism\.m2\repository\org\springframework\spring-aop\7.0.9\spring-aop-7.0.9.jar;C:\Users\Arism\.m2\repository\org\springframework\spring-tx\7.0.9\spring-tx-7.0.9.jar;C:\Users\Arism\.m2\repository\org\springframework\spring-beans\7.0.9\spring-beans-7.0.9.jar;C:\Users\Arism\.m2\repository\org\antlr\antlr4-runtime\4.13.2\antlr4-runtime-4.13.2.jar;C:\Users\Arism\.m2\repository\org\springframework\spring-aspects\7.0.9\spring-aspects-7.0.9.jar;C:\Users\Arism\.m2\repository\org\aspectj\aspectjweaver\1.9.25.1\aspectjweaver-1.9.25.1.jar;C:\Users\Arism\.m2\repository\org\springframework\boot\spring-boot-jdbc\4.1.1\spring-boot-jdbc-4.1.1.jar;C:\Users\Arism\.m2\repository\org\springframework\boot\spring-boot\4.1.1\spring-boot-4.1.1.jar;C:\Users\Arism\.m2\repository\org\springframework\boot\spring-boot-sql\4.1.1\spring-boot-sql-4.1.1.jar;C:\Users\Arism\.m2\repository\org\springframework\boot\spring-boot-transaction\4.1.1\spring-boot-transaction-4.1.1.jar;C:\Users\Arism\.m2\repository\org\springframework\spring-jdbc\7.0.9\spring-jdbc-7.0.9.jar;C:\Users\Arism\.m2\repository\org\springframework\boot\spring-boot-starter-validation\4.1.1\spring-boot-starter-validation-4.1.1.jar;C:\Users\Arism\.m2\repository\org\springframework\boot\spring-boot-validation\4.1.1\spring-boot-validation-4.1.1.jar;C:\Users\Arism\.m2\repository\org\apache\tomcat\embed\tomcat-embed-el\11.0.24\tomcat-embed-el-11.0.24.jar;C:\Users\Arism\.m2\repository\org\hibernate\validator\hibernate-validator\9.1.3.Final\hibernate-validator-9.1.3.Final.jar;C:\Users\Arism\.m2\repository\jakarta\validation\jakarta.validation-api\3.1.1\jakarta.validation-api-3.1.1.jar;C:\Users\Arism\.m2\repository\org\jboss\logging\jboss-logging\3.6.3.Final\jboss-logging-3.6.3.Final.jar;C:\Users\Arism\.m2\repository\com\fasterxml\classmate\1.7.3\classmate-1.7.3.jar;C:\Users\Arism\.m2\repository\org\springframework\boot\spring-boot-starter-webmvc\4.1.1\spring-boot-starter-webmvc-4.1.1.jar;C:\Users\Arism\.m2\repository\org\springframework\boot\spring-boot-starter-jackson\4.1.1\spring-boot-starter-jackson-4.1.1.jar;C:\Users\Arism\.m2\repository\org\springframework\boot\spring-boot-jackson\4.1.1\spring-boot-jackson-4.1.1.jar;C:\Users\Arism\.m2\repository\tools\jackson\core\jackson-databind\3.1.5\jackson-databind-3.1.5.jar;C:\Users\Arism\.m2\repository\com\fasterxml\jackson\core\jackson-annotations\2.21\jackson-annotations-2.21.jar;C:\Users\Arism\.m2\repository\tools\jackson\core\jackson-core\3.1.5\jackson-core-3.1.5.jar;C:\Users\Arism\.m2\repository\org\springframework\boot\spring-boot-starter-tomcat\4.1.1\spring-boot-starter-tomcat-4.1.1.jar;C:\Users\Arism\.m2\repository\org\springframework\boot\spring-boot-starter-tomcat-runtime\4.1.1\spring-boot-starter-tomcat-runtime-4.1.1.jar;C:\Users\Arism\.m2\repository\org\apache\tomcat\embed\tomcat-embed-core\11.0.24\tomcat-embed-core-11.0.24.jar;C:\Users\Arism\.m2\repository\org\apache\tomcat\embed\tomcat-embed-websocket\11.0.24\tomcat-embed-websocket-11.0.24.jar;C:\Users\Arism\.m2\repository\org\springframework\boot\spring-boot-tomcat\4.1.1\spring-boot-tomcat-4.1.1.jar;C:\Users\Arism\.m2\repository\org\springframework\boot\spring-boot-http-converter\4.1.1\spring-boot-http-converter-4.1.1.jar;C:\Users\Arism\.m2\repository\org\springframework\spring-web\7.0.9\spring-web-7.0.9.jar;C:\Users\Arism\.m2\repository\io\micrometer\micrometer-observation\1.17.1\micrometer-observation-1.17.1.jar;C:\Users\Arism\.m2\repository\io\micrometer\micrometer-commons\1.17.1\micrometer-commons-1.17.1.jar;C:\Users\Arism\.m2\repository\org\springframework\boot\spring-boot-webmvc\4.1.1\spring-boot-webmvc-4.1.1.jar;C:\Users\Arism\.m2\repository\org\springframework\boot\spring-boot-servlet\4.1.1\spring-boot-servlet-4.1.1.jar;C:\Users\Arism\.m2\repository\org\springframework\spring-webmvc\7.0.9\spring-webmvc-7.0.9.jar;C:\Users\Arism\.m2\repository\org\springframework\spring-expression\7.0.9\spring-expression-7.0.9.jar;C:\Users\Arism\.m2\repository\com\mysql\mysql-connector-j\9.7.0\mysql-connector-j-9.7.0.jar;C:\Users\Arism\.m2\repository\jakarta\xml\bind\jakarta.xml.bind-api\4.0.5\jakarta.xml.bind-api-4.0.5.jar;C:\Users\Arism\.m2\repository\jakarta\activation\jakarta.activation-api\2.1.4\jakarta.activation-api-2.1.4.jar;C:\Users\Arism\.m2\repository\net\bytebuddy\byte-buddy\1.18.11\byte-buddy-1.18.11.jar;C:\Users\Arism\.m2\repository\org\springframework\spring-core\7.0.9\spring-core-7.0.9.jar;C:\Users\Arism\.m2\repository\commons-logging\commons-logging\1.3.6\commons-logging-1.3.6.jar;C:\Users\Arism\.m2\repository\org\springframework\boot\spring-boot-web-server\4.1.1\spring-boot-web-server-4.1.1.jar;C:\Users\Arism\.m2\repository\org\springdoc\springdoc-openapi-starter-webmvc-ui\2.8.13\springdoc-openapi-starter-webmvc-ui-2.8.13.jar;C:\Users\Arism\.m2\repository\org\springdoc\springdoc-openapi-starter-webmvc-api\2.8.13\springdoc-openapi-starter-webmvc-api-2.8.13.jar;C:\Users\Arism\.m2\repository\org\springdoc\springdoc-openapi-starter-common\2.8.13\springdoc-openapi-starter-common-2.8.13.jar;C:\Users\Arism\.m2\repository\io\swagger\core\v3\swagger-core-jakarta\2.2.36\swagger-core-jakarta-2.2.36.jar;C:\Users\Arism\.m2\repository\org\apache\commons\commons-lang3\3.20.0\commons-lang3-3.20.0.jar;C:\Users\Arism\.m2\repository\io\swagger\core\v3\swagger-annotations-jakarta\2.2.36\swagger-annotations-jakarta-2.2.36.jar;C:\Users\Arism\.m2\repository\io\swagger\core\v3\swagger-models-jakarta\2.2.36\swagger-models-jakarta-2.2.36.jar;C:\Users\Arism\.m2\repository\com\fasterxml\jackson\core\jackson-databind\2.21.5\jackson-databind-2.21.5.jar;C:\Users\Arism\.m2\repository\com\fasterxml\jackson\core\jackson-core\2.21.5\jackson-core-2.21.5.jar;C:\Users\Arism\.m2\repository\com\fasterxml\jackson\dataformat\jackson-dataformat-yaml\2.21.5\jackson-dataformat-yaml-2.21.5.jar;C:\Users\Arism\.m2\repository\com\fasterxml\jackson\datatype\jackson-datatype-jsr310\2.21.5\jackson-datatype-jsr310-2.21.5.jar;C:\Users\Arism\.m2\repository\org\webjars\swagger-ui\5.28.1\swagger-ui-5.28.1.jar;C:\Users\Arism\.m2\repository\org\webjars\webjars-locator-lite\1.1.4\webjars-locator-lite-1.1.4.jar;C:\Users\Arism\.m2\repository\org\jspecify\jspecify\1.0.1\jspecify-1.0.1.jar
Launcher Type: SUN_STANDARD

[Global flags]
     bool AOTAdapterCaching                        = false                                  {diagnostic} {ergonomic}
     bool AOTInvokeDynamicLinking                  = false                                  {diagnostic} {ergonomic}
     bool AOTRecordTraining                        = false                                  {diagnostic} {ergonomic}
     bool AOTReplayTraining                        = false                                  {diagnostic} {ergonomic}
     bool AOTStubCaching                           = false                                  {diagnostic} {ergonomic}
     intx CICompilerCount                          = 8                                         {product} {ergonomic}
     uint ConcGCThreads                            = 3                                         {product} {ergonomic}
     uint G1ConcRefinementThreads                  = 13                                        {product} {ergonomic}
     uint G1EagerReclaimRemSetThreshold            = 16                                   {experimental} {ergonomic}
   size_t G1HeapRegionSize                         = 2097152                                   {product} {ergonomic}
     uint G1RemSetArrayOfCardsEntries              = 16                                   {experimental} {ergonomic}
     uint G1RemSetHowlMaxNumBuckets                = 8                                    {experimental} {ergonomic}
     uint G1RemSetHowlNumBuckets                   = 8                                    {experimental} {ergonomic}
   size_t InitialHeapSize                          = 8388608                                   {product} {ergonomic}
     bool IntelJccErratumMitigation                = false                             {ARCH diagnostic} {ergonomic}
   size_t MarkStackSize                            = 4194304                                   {product} {ergonomic}
   size_t MarkStackSizeMax                         = 536870912                                 {product} {ergonomic}
   size_t MaxHeapSize                              = 4265607168                                {product} {ergonomic}
   size_t MaxNewSize                               = 2558525440                                {product} {ergonomic}
 uint64_t MaxRAM                                   = 17061158912                               {product} {ergonomic}
   size_t MinHeapDeltaBytes                        = 2097152                                   {product} {ergonomic}
   size_t MinHeapSize                              = 8388608                                   {product} {ergonomic}
   size_t NonNMethodCodeHeapSize                   = 4096                                   {pd product} {ergonomic}
   size_t NonProfiledCodeHeapSize                  = 0                                      {pd product} {ergonomic}
     bool ProfileInterpreter                       = false                                  {pd product} {command line}
   size_t ProfiledCodeHeapSize                     = 0                                      {pd product} {ergonomic}
   size_t SoftMaxHeapSize                          = 4265607168                             {manageable} {ergonomic}
     intx TieredStopAtLevel                        = 1                                         {product} {command line}
     bool UseCompressedOops                        = true                           {product lp64_product} {ergonomic}
     bool UseCondCardMark                          = true                                      {product} {ergonomic}
     bool UseFastUnorderedTimeStamps               = true                                 {experimental} {ergonomic}
     bool UseG1GC                                  = true                                      {product} {ergonomic}
     bool UseLargePagesIndividualAllocation        = false                                  {pd product} {ergonomic}
      int X86ICacheSync                            = 3                                 {ARCH diagnostic} {ergonomic}

Logging:
Log output configuration:
 #0: stdout all=warning uptime,level,tags foldmultilines=false
 #1: stderr all=off uptime,level,tags foldmultilines=false

Release file:
<release file has not been read>
Environment Variables:
PATH=C:\Windows\system32;C:\Windows;C:\Windows\System32\Wbem;C:\Windows\System32\WindowsPowerShell\v1.0\;C:\Windows\System32\OpenSSH\;C:\Program Files\Git\cmd;C:\Program Files\dotnet\;C:\Program Files\MySQL\MySQL Shell 8.0\bin\;C:\Users\Arism\AppData\Local\Microsoft\WindowsApps;
USERNAME=Arism
OS=Windows_NT
PROCESSOR_IDENTIFIER=AMD64 Family 25 Model 33 Stepping 2, AuthenticAMD
TMP=C:\Users\Arism\AppData\Local\Temp
TEMP=C:\Users\Arism\AppData\Local\Temp




Compilation memory statistics disabled.

Periodic native trim disabled

---------------  S Y S T E M  ---------------

OS:
 Windows 11 , 64 bit Build 26100 (10.0.26100.9168)
OS uptime: 0 days 2:56 hours

CPU: total 16 (initial active 16) (8 cores per cpu, 2 threads per core) family 25 model 33 stepping 2 microcode 0xa20120a, cx8, cmov, fxsr, ht, mmx, 3dnowpref, sse, sse2, sse3, ssse3, sse4a, sse4.1, sse4.2, popcnt, lzcnt, tsc, tscinvbit, avx, avx2, aes, erms, clmul, bmi1, bmi2, adx, sha, fma, vzeroupper, clflush, clflushopt, clwb, rdtscp, rdpid, fsrm, f16c, pku, cet_ss
Processor Information for the first 16 processors :
  Max Mhz: 3401, Current Mhz: 3401, Mhz Limit: 3401

Memory: 4k page, system-wide physical 16270M (7650M free)
TotalPageFile size 30094M (AvailPageFile size 16378M)
current process WorkingSet (physical memory assigned to process): 31M, peak: 31M
current process commit charge ("private bytes"): 91M, peak: 91M

vm_info: OpenJDK 64-Bit Server VM (26.0.1+8-34) for windows-amd64 JRE (26.0.1+8-34), built on 2026-03-10T17:24:10Z with MS VC++ 17.13 (VS2022)

END.
